Archive member included to satisfy reference by file (symbol)

c:/st/stm32cubeide_1.11.2/stm32cubeide/plugins/com.st.stm32cube.ide.mcu.externaltools.gnu-tools-for-stm32.10.3-2021.10.win32_1.0.200.202301161003/tools/bin/../lib/gcc/arm-none-eabi/10.3.1/../../../../arm-none-eabi/lib/thumb/v6-m/nofp\libm.a(lib_a-s_cos.o)
                              ./Drivers/OLED/Src/ssd1306.o (cos)
c:/st/stm32cubeide_1.11.2/stm32cubeide/plugins/com.st.stm32cube.ide.mcu.externaltools.gnu-tools-for-stm32.10.3-2021.10.win32_1.0.200.202301161003/tools/bin/../lib/gcc/arm-none-eabi/10.3.1/../../../../arm-none-eabi/lib/thumb/v6-m/nofp\libm.a(lib_a-s_sin.o)
                              ./Drivers/OLED/Src/ssd1306.o (sin)
c:/st/stm32cubeide_1.11.2/stm32cubeide/plugins/com.st.stm32cube.ide.mcu.externaltools.gnu-tools-for-stm32.10.3-2021.10.win32_1.0.200.202301161003/tools/bin/../lib/gcc/arm-none-eabi/10.3.1/../../../../arm-none-eabi/lib/thumb/v6-m/nofp\libm.a(lib_a-e_rem_pio2.o)
                              c:/st/stm32cubeide_1.11.2/stm32cubeide/plugins/com.st.stm32cube.ide.mcu.externaltools.gnu-tools-for-stm32.10.3-2021.10.win32_1.0.200.202301161003/tools/bin/../lib/gcc/arm-none-eabi/10.3.1/../../../../arm-none-eabi/lib/thumb/v6-m/nofp\libm.a(lib_a-s_cos.o) (__ieee754_rem_pio2)
c:/st/stm32cubeide_1.11.2/stm32cubeide/plugins/com.st.stm32cube.ide.mcu.externaltools.gnu-tools-for-stm32.10.3-2021.10.win32_1.0.200.202301161003/tools/bin/../lib/gcc/arm-none-eabi/10.3.1/../../../../arm-none-eabi/lib/thumb/v6-m/nofp\libm.a(lib_a-k_cos.o)
                              c:/st/stm32cubeide_1.11.2/stm32cubeide/plugins/com.st.stm32cube.ide.mcu.externaltools.gnu-tools-for-stm32.10.3-2021.10.win32_1.0.200.202301161003/tools/bin/../lib/gcc/arm-none-eabi/10.3.1/../../../../arm-none-eabi/lib/thumb/v6-m/nofp\libm.a(lib_a-s_cos.o) (__kernel_cos)
c:/st/stm32cubeide_1.11.2/stm32cubeide/plugins/com.st.stm32cube.ide.mcu.externaltools.gnu-tools-for-stm32.10.3-2021.10.win32_1.0.200.202301161003/tools/bin/../lib/gcc/arm-none-eabi/10.3.1/../../../../arm-none-eabi/lib/thumb/v6-m/nofp\libm.a(lib_a-k_rem_pio2.o)
                              c:/st/stm32cubeide_1.11.2/stm32cubeide/plugins/com.st.stm32cube.ide.mcu.externaltools.gnu-tools-for-stm32.10.3-2021.10.win32_1.0.200.202301161003/tools/bin/../lib/gcc/arm-none-eabi/10.3.1/../../../../arm-none-eabi/lib/thumb/v6-m/nofp\libm.a(lib_a-e_rem_pio2.o) (__kernel_rem_pio2)
c:/st/stm32cubeide_1.11.2/stm32cubeide/plugins/com.st.stm32cube.ide.mcu.externaltools.gnu-tools-for-stm32.10.3-2021.10.win32_1.0.200.202301161003/tools/bin/../lib/gcc/arm-none-eabi/10.3.1/../../../../arm-none-eabi/lib/thumb/v6-m/nofp\libm.a(lib_a-k_sin.o)
                              c:/st/stm32cubeide_1.11.2/stm32cubeide/plugins/com.st.stm32cube.ide.mcu.externaltools.gnu-tools-for-stm32.10.3-2021.10.win32_1.0.200.202301161003/tools/bin/../lib/gcc/arm-none-eabi/10.3.1/../../../../arm-none-eabi/lib/thumb/v6-m/nofp\libm.a(lib_a-s_cos.o) (__kernel_sin)
c:/st/stm32cubeide_1.11.2/stm32cubeide/plugins/com.st.stm32cube.ide.mcu.externaltools.gnu-tools-for-stm32.10.3-2021.10.win32_1.0.200.202301161003/tools/bin/../lib/gcc/arm-none-eabi/10.3.1/../../../../arm-none-eabi/lib/thumb/v6-m/nofp\libm.a(lib_a-s_fabs.o)
                              c:/st/stm32cubeide_1.11.2/stm32cubeide/plugins/com.st.stm32cube.ide.mcu.externaltools.gnu-tools-for-stm32.10.3-2021.10.win32_1.0.200.202301161003/tools/bin/../lib/gcc/arm-none-eabi/10.3.1/../../../../arm-none-eabi/lib/thumb/v6-m/nofp\libm.a(lib_a-e_rem_pio2.o) (fabs)
c:/st/stm32cubeide_1.11.2/stm32cubeide/plugins/com.st.stm32cube.ide.mcu.externaltools.gnu-tools-for-stm32.10.3-2021.10.win32_1.0.200.202301161003/tools/bin/../lib/gcc/arm-none-eabi/10.3.1/../../../../arm-none-eabi/lib/thumb/v6-m/nofp\libm.a(lib_a-s_floor.o)
                              c:/st/stm32cubeide_1.11.2/stm32cubeide/plugins/com.st.stm32cube.ide.mcu.externaltools.gnu-tools-for-stm32.10.3-2021.10.win32_1.0.200.202301161003/tools/bin/../lib/gcc/arm-none-eabi/10.3.1/../../../../arm-none-eabi/lib/thumb/v6-m/nofp\libm.a(lib_a-k_rem_pio2.o) (floor)
c:/st/stm32cubeide_1.11.2/stm32cubeide/plugins/com.st.stm32cube.ide.mcu.externaltools.gnu-tools-for-stm32.10.3-2021.10.win32_1.0.200.202301161003/tools/bin/../lib/gcc/arm-none-eabi/10.3.1/../../../../arm-none-eabi/lib/thumb/v6-m/nofp\libm.a(lib_a-s_scalbn.o)
                              c:/st/stm32cubeide_1.11.2/stm32cubeide/plugins/com.st.stm32cube.ide.mcu.externaltools.gnu-tools-for-stm32.10.3-2021.10.win32_1.0.200.202301161003/tools/bin/../lib/gcc/arm-none-eabi/10.3.1/../../../../arm-none-eabi/lib/thumb/v6-m/nofp\libm.a(lib_a-k_rem_pio2.o) (scalbn)
c:/st/stm32cubeide_1.11.2/stm32cubeide/plugins/com.st.stm32cube.ide.mcu.externaltools.gnu-tools-for-stm32.10.3-2021.10.win32_1.0.200.202301161003/tools/bin/../lib/gcc/arm-none-eabi/10.3.1/../../../../arm-none-eabi/lib/thumb/v6-m/nofp\libc_nano.a(lib_a-errno.o)
                              ./Core/Src/syscalls.o (__errno)
[...]
Memory Configuration

Name             Origin             Length             Attributes
RAM              0x0000000020000000 0x0000000000005000 xrw
FLASH            0x0000000008000000 0x0000000000030000 xr
*default*        0x0000000000000000 0xffffffffffffffff

Linker script and memory map

LOAD c:/st/stm32cubeide_1.11.2/stm32cubeide/plugins/com.st.stm32cube.ide.mcu.externaltools.gnu-tools-for-stm32.10.3-2021.10.win32_1.0.200.202301161003/tools/bin/../lib/gcc/arm-none-eabi/10.3.1/thumb/v6-m/nofp/crti.o
LOAD c:/st/stm32cubeide_1.11.2/stm32cubeide/plugins/com.st.stm32cube.ide.mcu.externaltools.gnu-tools-for-stm32.10.3-2021.10.win32_1.0.200.202301161003/tools/bin/../lib/gcc/arm-none-eabi/10.3.1/thumb/v6-m/nofp/crtbegin.o
LOAD c:/st/stm32cubeide_1.11.2/stm32cubeide/plugins/com.st.stm32cube.ide.mcu.externaltools.gnu-tools-for-stm32.10.3-2021.10.win32_1.0.200.202301161003/tools/bin/../lib/gcc/arm-none-eabi/10.3.1/../../../../arm-none-eabi/lib/thumb/v6-m/nofp/crt0.o
LOAD ./Core/Src/main.o
LOAD ./Core/Src/stm32l0xx_hal_msp.o
LOAD ./Core/Src/stm32l0xx_it.o
LOAD ./Core/Src/syscalls.o
LOAD ./Core/Src/sysmem.o
LOAD ./Core/Src/system_stm32l0xx.o
LOAD ./Core/Startup/startup_stm32l073rztx.o
LOAD ./Drivers/OLED/Src/ssd1306.o
LOAD ./Drivers/OLED/Src/ssd1306_fonts.o
LOAD ./Drivers/OLED/Src/ssd1306_tests.o
LOAD ./Drivers/STM32L0xx_HAL_Driver/Src/stm32l0xx_hal.o
LOAD ./Drivers/STM32L0xx_HAL_Driver/Src/stm32l0xx_hal_cortex.o
LOAD ./Drivers/STM32L0xx_HAL_Driver/Src/stm32l0xx_hal_dma.o
LOAD ./Drivers/STM32L0xx_HAL_Driver/Src/stm32l0xx_hal_exti.o
LOAD ./Drivers/STM32L0xx_HAL_Driver/Src/stm32l0xx_hal_flash.o
LOAD ./Drivers/STM32L0xx_HAL_Driver/Src/stm32l0xx_hal_flash_ex.o
LOAD ./Drivers/STM32L0xx_HAL_Driver/Src/stm32l0xx_hal_flash_ramfunc.o
LOAD ./Drivers/STM32L0xx_HAL_Driver/Src/stm32l0xx_hal_gpio.o
LOAD ./Drivers/STM32L0xx_HAL_Driver/Src/stm32l0xx_hal_i2c.o
LOAD ./Drivers/STM32L0xx_HAL_Driver/Src/stm32l0xx_hal_i2c_ex.o
LOAD ./Drivers/STM32L0xx_HAL_Driver/Src/stm32l0xx_hal_pwr.o
LOAD ./Drivers/STM32L0xx_HAL_Driver/Src/stm32l0xx_hal_pwr_ex.o
LOAD ./Drivers/STM32L0xx_HAL_Driver/Src/stm32l0xx_hal_rcc.o
LOAD ./Drivers/STM32L0xx_HAL_Driver/Src/stm32l0xx_hal_rcc_ex.o
LOAD ./Drivers/STM32L0xx_HAL_Driver/Src/stm32l0xx_hal_tim.o
LOAD ./Drivers/STM32L0xx_HAL_Driver/Src/stm32l0xx_hal_tim_ex.o
LOAD ./Drivers/STM32L0xx_HAL_Driver/Src/stm32l0xx_hal_uart.o
LOAD ./Drivers/STM32L0xx_HAL_Driver/Src/stm32l0xx_hal_uart_ex.o
START GROUP
LOAD c:/st/stm32cubeide_1.11.2/stm32cubeide/plugins/com.st.stm32cube.ide.mcu.externaltools.gnu-tools-for-stm32.10.3-2021.10.win32_1.0.200.202301161003/tools/bin/../lib/gcc/arm-none-eabi/10.3.1/../../../../arm-none-eabi/lib/thumb/v6-m/nofp\libstdc++_nano.a
LOAD c:/st/stm32cubeide_1.11.2/stm32cubeide/plugins/com.st.stm32cube.ide.mcu.externaltools.gnu-tools-for-stm32.10.3-2021.10.win32_1.0.200.202301161003/tools/bin/../lib/gcc/arm-none-eabi/10.3.1/../../../../arm-none-eabi/lib/thumb/v6-m/nofp\libsupc++_nano.a
END GROUP
LOAD c:/st/stm32cubeide_1.11.2/stm32cubeide/plugins/com.st.stm32cube.ide.mcu.externaltools.gnu-tools-for-stm32.10.3-2021.10.win32_1.0.200.202301161003/tools/bin/../lib/gcc/arm-none-eabi/10.3.1/../../../../arm-none-eabi/lib/thumb/v6-m/nofp\libstdc++_nano.a
LOAD c:/st/stm32cubeide_1.11.2/stm32cubeide/plugins/com.st.stm32cube.ide.mcu.externaltools.gnu-tools-for-stm32.10.3-2021.10.win32_1.0.200.202301161003/tools/bin/../lib/gcc/arm-none-eabi/10.3.1/../../../../arm-none-eabi/lib/thumb/v6-m/nofp\libm.a
LOAD c:/st/stm32cubeide_1.11.2/stm32cubeide/plugins/com.st.stm32cube.ide.mcu.externaltools.gnu-tools-for-stm32.10.3-2021.10.win32_1.0.200.202301161003/tools/bin/../lib/gcc/arm-none-eabi/10.3.1/../../../../arm-none-eabi/lib/thumb/v6-m/nofp\libc_nano.a
START GROUP
LOAD c:/st/stm32cubeide_1.11.2/stm32cubeide/plugins/com.st.stm32cube.ide.mcu.externaltools.gnu-tools-for-stm32.10.3-2021.10.win32_1.0.200.202301161003/tools/bin/../lib/gcc/arm-none-eabi/10.3.1/thumb/v6-m/nofp\libgcc.a
LOAD c:/st/stm32cubeide_1.11.2/stm32cubeide/plugins/com.st.stm32cube.ide.mcu.externaltools.gnu-tools-for-stm32.10.3-2021.10.win32_1.0.200.202301161003/tools/bin/../lib/gcc/arm-none-eabi/10.3.1/../../../../arm-none-eabi/lib/thumb/v6-m/nofp\libc_nano.a
END GROUP
START GROUP
LOAD c:/st/stm32cubeide_1.11.2/stm32cubeide/plugins/com.st.stm32cube.ide.mcu.externaltools.gnu-tools-for-stm32.10.3-2021.10.win32_1.0.200.202301161003/tools/bin/../lib/gcc/arm-none-eabi/10.3.1/thumb/v6-m/nofp\libgcc.a
LOAD c:/st/stm32cubeide_1.11.2/stm32cubeide/plugins/com.st.stm32cube.ide.mcu.externaltools.gnu-tools-for-stm32.10.3-2021.10.win32_1.0.200.202301161003/tools/bin/../lib/gcc/arm-none-eabi/10.3.1/../../../../arm-none-eabi/lib/thumb/v6-m/nofp\libc_nano.a
LOAD c:/st/stm32cubeide_1.11.2/stm32cubeide/plugins/com.st.stm32cube.ide.mcu.externaltools.gnu-tools-for-stm32.10.3-2021.10.win32_1.0.200.202301161003/tools/bin/../lib/gcc/arm-none-eabi/10.3.1/../../../../arm-none-eabi/lib/thumb/v6-m/nofp\libnosys.a
END GROUP
START GROUP
LOAD c:/st/stm32cubeide_1.11.2/stm32cubeide/plugins/com.st.stm32cube.ide.mcu.externaltools.gnu-tools-for-stm32.10.3-2021.10.win32_1.0.200.202301161003/tools/bin/../lib/gcc/arm-none-eabi/10.3.1/thumb/v6-m/nofp\libgcc.a
LOAD c:/st/stm32cubeide_1.11.2/stm32cubeide/plugins/com.st.stm32cube.ide.mcu.externaltools.gnu-tools-for-stm32.10.3-2021.10.win32_1.0.200.202301161003/tools/bin/../lib/gcc/arm-none-eabi/10.3.1/../../../../arm-none-eabi/lib/thumb/v6-m/nofp\libc_nano.a
LOAD c:/st/stm32cubeide_1.11.2/stm32cubeide/plugins/com.st.stm32cube.ide.mcu.externaltools.gnu-tools-for-stm32.10.3-2021.10.win32_1.0.200.202301161003/tools/bin/../lib/gcc/arm-none-eabi/10.3.1/../../../../arm-none-eabi/lib/thumb/v6-m/nofp\libnosys.a
END GROUP
LOAD c:/st/stm32cubeide_1.11.2/stm32cubeide/plugins/com.st.stm32cube.ide.mcu.externaltools.gnu-tools-for-stm32.10.3-2021.10.win32_1.0.200.202301161003/tools/bin/../lib/gcc/arm-none-eabi/10.3.1/thumb/v6-m/nofp/crtend.o
LOAD c:/st/stm32cubeide_1.11.2/stm32cubeide/plugins/com.st.stm32cube.ide.mcu.externaltools.gnu-tools-for-stm32.10.3-2021.10.win32_1.0.200.202301161003/tools/bin/../lib/gcc/arm-none-eabi/10.3.1/thumb/v6-m/nofp/crtn.o
                0x0000000020005000                _estack = (ORIGIN (RAM) + LENGTH (RAM))
                0x0000000000000200                _Min_Heap_Size = 0x200
                0x0000000000000400                _Min_Stack_Size = 0x400

.isr_vector     0x0000000008000000       0xc0
                0x0000000008000000                . = ALIGN (0x4)
 *(.isr_vector)
 .isr_vector    0x0000000008000000       0xc0 ./Core/Startup/startup_stm32l073rztx.o
                0x0000000008000000                g_pfnVectors
                0x00000000080000c0                . = ALIGN (0x4)

.text           0x00000000080000c0     0x394c
                0x00000000080000c0                . = ALIGN (0x4)
 *(.text)
 .text          0x00000000080000c0       0x48 c:/st/stm32cubeide_1.11.2/stm32cubeide/plugins/com.st.stm32cube.ide.mcu.externaltools.gnu-tools-for-stm32.10.3-2021.10.win32_1.0.200.202301161003/tools/bin/../lib/gcc/arm-none-eabi/10.3.1/thumb/v6-m/nofp/crtbegin.o
 .text          0x0000000008000108      0x114 c:/st/stm32cubeide_1.11.2/stm32cubeide/plugins/com.st.stm32cube.ide.mcu.externaltools.gnu-tools-for-stm32.10.3-2021.10.win32_1.0.200.202301161003/tools/bin/../lib/gcc/arm-none-eabi/10.3.1/thumb/v6-m/nofp\libgcc.a(_udivsi3.o)
                0x0000000008000108                __aeabi_uidiv
                0x0000000008000108                __udivsi3
                0x0000000008000214                __aeabi_uidivmod
 .text          0x000000000800021c        0x4 c:/st/stm32cubeide_1.11.2/stm32cubeide/plugins/com.st.stm32cube.ide.mcu.externaltools.gnu-tools-for-stm32.10.3-2021.10.win32_1.0.200.202301161003/tools/bin/../lib/gcc/arm-none-eabi/10.3.1/thumb/v6-m/nofp\libgcc.a(_dvmd_tls.o)
                0x000000000800021c                __aeabi_idiv0
                0x000000000800021c                __aeabi_ldiv0
 .text          0x0000000008000220       0x40 c:/st/stm32cubeide_1.11.2/stm32cubeide/plugins/com.st.stm32cube.ide.mcu.externaltools.gnu-tools-for-stm32.10.3-2021.10.win32_1.0.200.202301161003/tools/bin/../lib/gcc/arm-none-eabi/10.3.1/thumb/v6-m/nofp\libgcc.a(_aeabi_uldivmod.o)
                0x0000000008000220                __aeabi_uldivmod
 .text          0x0000000008000260       0x5c c:/st/stm32cubeide_1.11.2/stm32cubeide/plugins/com.st.stm32cube.ide.mcu.externaltools.gnu-tools-for-stm32.10.3-2021.10.win32_1.0.200.202301161003/tools/bin/../lib/gcc/arm-none-eabi/10.3.1/thumb/v6-m/nofp\libgcc.a(_muldi3.o)
                0x0000000008000260                __muldi3
                0x0000000008000260                __aeabi_lmul
 .text          0x00000000080002bc      0x198 c:/st/stm32cubeide_1.11.2/stm32cubeide/plugins/com.st.stm32cube.ide.mcu.externaltools.gnu-tools-for-stm32.10.3-2021.10.win32_1.0.200.202301161003/tools/bin/../lib/gcc/arm-none-eabi/10.3.1/thumb/v6-m/nofp\libgcc.a(_udivmoddi4.o)
                0x00000000080002bc                __udivmoddi4
 .text          0x0000000008000454       0x3c c:/st/stm32cubeide_1.11.2/stm32cubeide/plugins/com.st.stm32cube.ide.mcu.externaltools.gnu-tools-for-stm32.10.3-2021.10.win32_1.0.200.202301161003/tools/bin/../lib/gcc/arm-none-eabi/10.3.1/thumb/v6-m/nofp\libgcc.a(_clzsi2.o)
                0x0000000008000454                __clzsi2
 .text          0x0000000008000490       0x18 c:/st/stm32cubeide_1.11.2/stm32cubeide/plugins/com.st.stm32cube.ide.mcu.externaltools.gnu-tools-for-stm32.10.3-2021.10.win32_1.0.200.202301161003/tools/bin/../lib/gcc/arm-none-eabi/10.3.1/thumb/v6-m/nofp\libgcc.a(_clzdi2.o)
                0x0000000008000490                __clzdi2
 *(.text*)
 .text.main     0x00000000080004a8      0x16c ./Core/Src/main.o
                0x00000000080004a8                main
 .text.SystemClock_Config
                0x0000000008000614       0xe8 ./Core/Src/main.o
                0x0000000008000614                SystemClock_Config
 .text.MX_I2C1_Init
                0x00000000080006fc       0x80 ./Core/Src/main.o
 .text.MX_USART2_UART_Init
                0x000000000800077c       0x60 ./Core/Src/main.o
 .text.MX_GPIO_Init
                0x00000000080007dc       0xf0 ./Core/Src/main.o
 .text.HAL_GPIO_EXTI_Callback
                0x00000000080008cc       0x2c ./Core/Src/main.o
                0x00000000080008cc                HAL_GPIO_EXTI_Callback
 .text.Error_Handler
                0x00000000080008f8        0xa ./Core/Src/main.o
                0x00000000080008f8                Error_Handler
 *fill*         0x0000000008000902        0x2 
 .text.HAL_MspInit
                0x0000000008000904       0x28 ./Core/Src/stm32l0xx_hal_msp.o
                0x0000000008000904                HAL_MspInit
 .text.HAL_I2C_MspInit
                0x000000000800092c       0x8c ./Core/Src/stm32l0xx_hal_msp.o
                0x000000000800092c                HAL_I2C_MspInit
 .text.HAL_UART_MspInit
                0x00000000080009b8       0x88 ./Core/Src/stm32l0xx_hal_msp.o
                0x00000000080009b8                HAL_UART_MspInit
 .text.NMI_Handler
                0x0000000008000a40        0x6 ./Core/Src/stm32l0xx_it.o
                0x0000000008000a40                NMI_Handler
 .text.HardFault_Handler
                0x0000000008000a46        0x6 ./Core/Src/stm32l0xx_it.o
                0x0000000008000a46                HardFault_Handler
 .text.SVC_Handler
                0x0000000008000a4c        0xa ./Core/Src/stm32l0xx_it.o
                0x0000000008000a4c                SVC_Handler
 .text.PendSV_Handler
                0x0000000008000a56        0xa ./Core/Src/stm32l0xx_it.o
                0x0000000008000a56                PendSV_Handler
 .text.SysTick_Handler
                0x0000000008000a60        0xe ./Core/Src/stm32l0xx_it.o
                0x0000000008000a60                SysTick_Handler
 .text.EXTI4_15_IRQHandler
                0x0000000008000a6e       0x14 ./Core/Src/stm32l0xx_it.o
                0x0000000008000a6e                EXTI4_15_IRQHandler
 .text.SystemInit
                0x0000000008000a82        0xa ./Core/Src/system_stm32l0xx.o
                0x0000000008000a82                SystemInit
 .text.Reset_Handler
                0x0000000008000a8c       0x50 ./Core/Startup/startup_stm32l073rztx.o
                0x0000000008000a8c                Reset_Handler
 .text.Default_Handler
                0x0000000008000adc        0x2 ./Core/Startup/startup_stm32l073rztx.o
                0x0000000008000adc                TSC_IRQHandler
                0x0000000008000adc                ADC1_COMP_IRQHandler
                0x0000000008000adc                PVD_IRQHandler
                0x0000000008000adc                I2C1_IRQHandler
                0x0000000008000adc                RCC_CRS_IRQHandler
                0x0000000008000adc                SPI1_IRQHandler
                0x0000000008000adc                TIM6_DAC_IRQHandler
                0x0000000008000adc                EXTI2_3_IRQHandler
                0x0000000008000adc                I2C2_IRQHandler
                0x0000000008000adc                RTC_IRQHandler
                0x0000000008000adc                LCD_IRQHandler
                0x0000000008000adc                DMA1_Channel4_5_6_7_IRQHandler
                0x0000000008000adc                TIM3_IRQHandler
                0x0000000008000adc                DMA1_Channel1_IRQHandler
                0x0000000008000adc                USART4_5_IRQHandler
                0x0000000008000adc                Default_Handler
                0x0000000008000adc                TIM22_IRQHandler
                0x0000000008000adc                TIM7_IRQHandler
                0x0000000008000adc                EXTI0_1_IRQHandler
                0x0000000008000adc                USB_IRQHandler
                0x0000000008000adc                I2C3_IRQHandler
                0x0000000008000adc                SPI2_IRQHandler
                0x0000000008000adc                TIM21_IRQHandler
                0x0000000008000adc                WWDG_IRQHandler
                0x0000000008000adc                TIM2_IRQHandler
                0x0000000008000adc                DMA1_Channel2_3_IRQHandler
                0x0000000008000adc                USART2_IRQHandler
                0x0000000008000adc                FLASH_IRQHandler
                0x0000000008000adc                USART1_IRQHandler
                0x0000000008000adc                RNG_LPUART1_IRQHandler
                0x0000000008000adc                LPTIM1_IRQHandler
 .text.ssd1306_Reset
                0x0000000008000ade        0xa ./Drivers/OLED/Src/ssd1306.o
                0x0000000008000ade                ssd1306_Reset
 .text.ssd1306_WriteCommand
                0x0000000008000ae8       0x34 ./Drivers/OLED/Src/ssd1306.o
                0x0000000008000ae8                ssd1306_WriteCommand
 .text.ssd1306_WriteData
                0x0000000008000b1c       0x34 ./Drivers/OLED/Src/ssd1306.o
                0x0000000008000b1c                ssd1306_WriteData
 .text.ssd1306_Init
                0x0000000008000b50       0xd8 ./Drivers/OLED/Src/ssd1306.o
                0x0000000008000b50                ssd1306_Init
 .text.ssd1306_Fill
                0x0000000008000c28       0x48 ./Drivers/OLED/Src/ssd1306.o
                0x0000000008000c28                ssd1306_Fill
 .text.ssd1306_UpdateScreen
                0x0000000008000c70       0x5c ./Drivers/OLED/Src/ssd1306.o
                0x0000000008000c70                ssd1306_UpdateScreen
 .text.ssd1306_DrawPixel
                0x0000000008000ccc       0xc4 ./Drivers/OLED/Src/ssd1306.o
                0x0000000008000ccc                ssd1306_DrawPixel
 .text.ssd1306_WriteChar
                0x0000000008000d90      0x134 ./Drivers/OLED/Src/ssd1306.o
                0x0000000008000d90                ssd1306_WriteChar
 .text.ssd1306_WriteString
                0x0000000008000ec4       0x54 ./Drivers/OLED/Src/ssd1306.o
                0x0000000008000ec4                ssd1306_WriteString
 .text.ssd1306_SetCursor
                0x0000000008000f18       0x34 ./Drivers/OLED/Src/ssd1306.o
                0x0000000008000f18                ssd1306_SetCursor
 .text.ssd1306_SetContrast
                0x0000000008000f4c       0x30 ./Drivers/OLED/Src/ssd1306.o
                0x0000000008000f4c                ssd1306_SetContrast
 .text.ssd1306_SetDisplayOn
                0x0000000008000f7c       0x4c ./Drivers/OLED/Src/ssd1306.o
                0x0000000008000f7c                ssd1306_SetDisplayOn
 .text.HAL_Init
                0x0000000008000fc8       0x40 ./Drivers/STM32L0xx_HAL_Driver/Src/stm32l0xx_hal.o
                0x0000000008000fc8                HAL_Init
 .text.HAL_InitTick
                0x0000000008001008       0x68 ./Drivers/STM32L0xx_HAL_Driver/Src/stm32l0xx_hal.o
                0x0000000008001008                HAL_InitTick
 .text.HAL_IncTick
                0x0000000008001070       0x24 ./Drivers/STM32L0xx_HAL_Driver/Src/stm32l0xx_hal.o
                0x0000000008001070                HAL_IncTick
 .text.HAL_GetTick
                0x0000000008001094       0x14 ./Drivers/STM32L0xx_HAL_Driver/Src/stm32l0xx_hal.o
                0x0000000008001094                HAL_GetTick
 .text.HAL_Delay
                0x00000000080010a8       0x48 ./Drivers/STM32L0xx_HAL_Driver/Src/stm32l0xx_hal.o
                0x00000000080010a8                HAL_Delay
 .text.__NVIC_EnableIRQ
                0x00000000080010f0       0x34 ./Drivers/STM32L0xx_HAL_Driver/Src/stm32l0xx_hal_cortex.o
 .text.__NVIC_SetPriority
                0x0000000008001124       0xdc ./Drivers/STM32L0xx_HAL_Driver/Src/stm32l0xx_hal_cortex.o
 .text.SysTick_Config
                0x0000000008001200       0x48 ./Drivers/STM32L0xx_HAL_Driver/Src/stm32l0xx_hal_cortex.o
 .text.HAL_NVIC_SetPriority
                0x0000000008001248       0x2a ./Drivers/STM32L0xx_HAL_Driver/Src/stm32l0xx_hal_cortex.o
                0x0000000008001248                HAL_NVIC_SetPriority
 .text.HAL_NVIC_EnableIRQ
                0x0000000008001272       0x20 ./Drivers/STM32L0xx_HAL_Driver/Src/stm32l0xx_hal_cortex.o
                0x0000000008001272                HAL_NVIC_EnableIRQ
 .text.HAL_SYSTICK_Config
                0x0000000008001292       0x1a ./Drivers/STM32L0xx_HAL_Driver/Src/stm32l0xx_hal_cortex.o
                0x0000000008001292                HAL_SYSTICK_Config
 .text.HAL_GPIO_Init
                0x00000000080012ac      0x2fc ./Drivers/STM32L0xx_HAL_Driver/Src/stm32l0xx_hal_gpio.o
                0x00000000080012ac                HAL_GPIO_Init
 .text.HAL_GPIO_WritePin
                0x00000000080015a8       0x3a ./Drivers/STM32L0xx_HAL_Driver/Src/stm32l0xx_hal_gpio.o
                0x00000000080015a8                HAL_GPIO_WritePin
 .text.HAL_GPIO_TogglePin
                0x00000000080015e2       0x36 ./Drivers/STM32L0xx_HAL_Driver/Src/stm32l0xx_hal_gpio.o
                0x00000000080015e2                HAL_GPIO_TogglePin
 .text.HAL_GPIO_EXTI_IRQHandler
                0x0000000008001618       0x38 ./Drivers/STM32L0xx_HAL_Driver/Src/stm32l0xx_hal_gpio.o
                0x0000000008001618                HAL_GPIO_EXTI_IRQHandler
 .text.HAL_I2C_Init
                0x0000000008001650      0x12c ./Drivers/STM32L0xx_HAL_Driver/Src/stm32l0xx_hal_i2c.o
                0x0000000008001650                HAL_I2C_Init
 .text.HAL_I2C_Mem_Write
                0x000000000800177c      0x25c ./Drivers/STM32L0xx_HAL_Driver/Src/stm32l0xx_hal_i2c.o
                0x000000000800177c                HAL_I2C_Mem_Write
 .text.I2C_RequestMemoryWrite
                0x00000000080019d8       0xc8 ./Drivers/STM32L0xx_HAL_Driver/Src/stm32l0xx_hal_i2c.o
 .text.I2C_Flush_TXDR
                0x0000000008001aa0       0x44 ./Drivers/STM32L0xx_HAL_Driver/Src/stm32l0xx_hal_i2c.o
 .text.I2C_WaitOnFlagUntilTimeout
                0x0000000008001ae4       0x9c ./Drivers/STM32L0xx_HAL_Driver/Src/stm32l0xx_hal_i2c.o
 .text.I2C_WaitOnTXISFlagUntilTimeout
                0x0000000008001b80       0x8c ./Drivers/STM32L0xx_HAL_Driver/Src/stm32l0xx_hal_i2c.o
 .text.I2C_WaitOnSTOPFlagUntilTimeout
                0x0000000008001c0c       0x86 ./Drivers/STM32L0xx_HAL_Driver/Src/stm32l0xx_hal_i2c.o
 *fill*         0x0000000008001c92        0x2 
 .text.I2C_IsErrorOccurred
                0x0000000008001c94      0x200 ./Drivers/STM32L0xx_HAL_Driver/Src/stm32l0xx_hal_i2c.o
 .text.I2C_TransferConfig
                0x0000000008001e94       0x74 ./Drivers/STM32L0xx_HAL_Driver/Src/stm32l0xx_hal_i2c.o
 .text.HAL_I2CEx_ConfigAnalogFilter
                0x0000000008001f08       0x98 ./Drivers/STM32L0xx_HAL_Driver/Src/stm32l0xx_hal_i2c_ex.o
                0x0000000008001f08                HAL_I2CEx_ConfigAnalogFilter
 .text.HAL_I2CEx_ConfigDigitalFilter
                0x0000000008001fa0       0x98 ./Drivers/STM32L0xx_HAL_Driver/Src/stm32l0xx_hal_i2c_ex.o
                0x0000000008001fa0                HAL_I2CEx_ConfigDigitalFilter
 .text.HAL_RCC_OscConfig
                0x0000000008002038      0x7a8 ./Drivers/STM32L0xx_HAL_Driver/Src/stm32l0xx_hal_rcc.o
                0x0000000008002038                HAL_RCC_OscConfig
 .text.HAL_RCC_ClockConfig
                0x00000000080027e0      0x290 ./Drivers/STM32L0xx_HAL_Driver/Src/stm32l0xx_hal_rcc.o
                0x00000000080027e0                HAL_RCC_ClockConfig
 .text.HAL_RCC_GetSysClockFreq
                0x0000000008002a70      0x14c ./Drivers/STM32L0xx_HAL_Driver/Src/stm32l0xx_hal_rcc.o
                0x0000000008002a70                HAL_RCC_GetSysClockFreq
 .text.HAL_RCC_GetHCLKFreq
                0x0000000008002bbc       0x14 ./Drivers/STM32L0xx_HAL_Driver/Src/stm32l0xx_hal_rcc.o
                0x0000000008002bbc                HAL_RCC_GetHCLKFreq
 .text.HAL_RCC_GetPCLK1Freq
                0x0000000008002bd0       0x2c ./Drivers/STM32L0xx_HAL_Driver/Src/stm32l0xx_hal_rcc.o
                0x0000000008002bd0                HAL_RCC_GetPCLK1Freq
 .text.HAL_RCC_GetPCLK2Freq
                0x0000000008002bfc       0x2c ./Drivers/STM32L0xx_HAL_Driver/Src/stm32l0xx_hal_rcc.o
                0x0000000008002bfc                HAL_RCC_GetPCLK2Freq
 .text.HAL_RCCEx_PeriphCLKConfig
                0x0000000008002c28      0x33c ./Drivers/STM32L0xx_HAL_Driver/Src/stm32l0xx_hal_rcc_ex.o
                0x0000000008002c28                HAL_RCCEx_PeriphCLKConfig
 .text.HAL_UART_Init
                0x0000000008002f64       0xa8 ./Drivers/STM32L0xx_HAL_Driver/Src/stm32l0xx_hal_uart.o
                0x0000000008002f64                HAL_UART_Init
 .text.UART_SetConfig
                0x000000000800300c      0x53c ./Drivers/STM32L0xx_HAL_Driver/Src/stm32l0xx_hal_uart.o
                0x000000000800300c                UART_SetConfig
 .text.UART_AdvFeatureConfig
                0x0000000008003548      0x168 ./Drivers/STM32L0xx_HAL_Driver/Src/stm32l0xx_hal_uart.o
                0x0000000008003548                UART_AdvFeatureConfig
 .text.UART_CheckIdleState
                0x00000000080036b0      0x150 ./Drivers/STM32L0xx_HAL_Driver/Src/stm32l0xx_hal_uart.o
                0x00000000080036b0                UART_CheckIdleState
 .text.UART_WaitOnFlagUntilTimeout
                0x0000000008003800       0xd2 ./Drivers/STM32L0xx_HAL_Driver/Src/stm32l0xx_hal_uart.o
                0x0000000008003800                UART_WaitOnFlagUntilTimeout
 *fill*         0x00000000080038d2        0x2 
 .text.UART_EndRxTransfer
                0x00000000080038d4       0xc8 ./Drivers/STM32L0xx_HAL_Driver/Src/stm32l0xx_hal_uart.o
 .text.__libc_init_array
                0x000000000800399c       0x48 c:/st/stm32cubeide_1.11.2/stm32cubeide/plugins/com.st.stm32cube.ide.mcu.externaltools.gnu-tools-for-stm32.10.3-2021.10.win32_1.0.200.202301161003/tools/bin/../lib/gcc/arm-none-eabi/10.3.1/../../../../arm-none-eabi/lib/thumb/v6-m/nofp\libc_nano.a(lib_a-init.o)
                0x000000000800399c                __libc_init_array
 .text.memset   0x00000000080039e4       0x10 c:/st/stm32cubeide_1.11.2/stm32cubeide/plugins/com.st.stm32cube.ide.mcu.externaltools.gnu-tools-for-stm32.10.3-2021.10.win32_1.0.200.202301161003/tools/bin/../lib/gcc/arm-none-eabi/10.3.1/../../../../arm-none-eabi/lib/thumb/v6-m/nofp\libc_nano.a(lib_a-memset.o)
                0x00000000080039e4                memset
 *(.glue_7)
 .glue_7        0x00000000080039f4        0x0 linker stubs
 *(.glue_7t)
 .glue_7t       0x00000000080039f4        0x0 linker stubs
 *(.eh_frame)
 .eh_frame      0x00000000080039f4        0x0 c:/st/stm32cubeide_1.11.2/stm32cubeide/plugins/com.st.stm32cube.ide.mcu.externaltools.gnu-tools-for-stm32.10.3-2021.10.win32_1.0.200.202301161003/tools/bin/../lib/gcc/arm-none-eabi/10.3.1/thumb/v6-m/nofp/crtbegin.o
 *(.init)
 .init          0x00000000080039f4        0x4 c:/st/stm32cubeide_1.11.2/stm32cubeide/plugins/com.st.stm32cube.ide.mcu.externaltools.gnu-tools-for-stm32.10.3-2021.10.win32_1.0.200.202301161003/tools/bin/../lib/gcc/arm-none-eabi/10.3.1/thumb/v6-m/nofp/crti.o
                0x00000000080039f4                _init
 .init          0x00000000080039f8        0x8 c:/st/stm32cubeide_1.11.2/stm32cubeide/plugins/com.st.stm32cube.ide.mcu.externaltools.gnu-tools-for-stm32.10.3-2021.10.win32_1.0.200.202301161003/tools/bin/../lib/gcc/arm-none-eabi/10.3.1/thumb/v6-m/nofp/crtn.o
 *(.fini)
 .fini          0x0000000008003a00        0x4 c:/st/stm32cubeide_1.11.2/stm32cubeide/plugins/com.st.stm32cube.ide.mcu.externaltools.gnu-tools-for-stm32.10.3-2021.10.win32_1.0.200.202301161003/tools/bin/../lib/gcc/arm-none-eabi/10.3.1/thumb/v6-m/nofp/crti.o
                0x0000000008003a00                _fini
 .fini          0x0000000008003a04        0x8 c:/st/stm32cubeide_1.11.2/stm32cubeide/plugins/com.st.stm32cube.ide.mcu.externaltools.gnu-tools-for-stm32.10.3-2021.10.win32_1.0.200.202301161003/tools/bin/../lib/gcc/arm-none-eabi/10.3.1/thumb/v6-m/nofp/crtn.o
                0x0000000008003a0c                . = ALIGN (0x4)
                0x0000000008003a0c                _etext = .

.vfp11_veneer   0x0000000008003a0c        0x0
 .vfp11_veneer  0x0000000008003a0c        0x0 linker stubs

.v4_bx          0x0000000008003a0c        0x0
 .v4_bx         0x0000000008003a0c        0x0 linker stubs

.iplt           0x0000000008003a0c        0x0
 .iplt          0x0000000008003a0c        0x0 c:/st/stm32cubeide_1.11.2/stm32cubeide/plugins/com.st.stm32cube.ide.mcu.externaltools.gnu-tools-for-stm32.10.3-2021.10.win32_1.0.200.202301161003/tools/bin/../lib/gcc/arm-none-eabi/10.3.1/thumb/v6-m/nofp/crtbegin.o

.rodata         0x0000000008003a0c     0x417c
                0x0000000008003a0c                . = ALIGN (0x4)
 *(.rodata)
 .rodata        0x0000000008003a0c      0x128 ./Core/Src/main.o
 *(.rodata*)
 .rodata.main   0x0000000008003b34       0x14 ./Core/Src/main.o
 .rodata.AHBPrescTable
                0x0000000008003b48       0x10 ./Core/Src/system_stm32l0xx.o
                0x0000000008003b48                AHBPrescTable
 .rodata.APBPrescTable
                0x0000000008003b58        0x8 ./Core/Src/system_stm32l0xx.o
                0x0000000008003b58                APBPrescTable
 .rodata.PLLMulTable
                0x0000000008003b60        0x9 ./Core/Src/system_stm32l0xx.o
                0x0000000008003b60                PLLMulTable
 *fill*         0x0000000008003b69        0x3 
 .rodata.Font7x10
                0x0000000008003b6c      0x76c ./Drivers/OLED/Src/ssd1306_fonts.o
 .rodata.Font11x18
                0x00000000080042d8      0xd5c ./Drivers/OLED/Src/ssd1306_fonts.o
 .rodata.Font16x26
                0x0000000008005034     0x134c ./Drivers/OLED/Src/ssd1306_fonts.o
 .rodata.Font6x8
                0x0000000008006380      0x5f0 ./Drivers/OLED/Src/ssd1306_fonts.o
 .rodata.Font16x24
                0x0000000008006970     0x11d0 ./Drivers/OLED/Src/ssd1306_fonts.o
 .rodata.UART_SetConfig
                0x0000000008007b40       0x48 ./Drivers/STM32L0xx_HAL_Driver/Src/stm32l0xx_hal_uart.o
                0x0000000008007b88                . = ALIGN (0x4)

.ARM.extab      0x0000000008007b88        0x0
                0x0000000008007b88                . = ALIGN (0x4)
 *(.ARM.extab* .gnu.linkonce.armextab.*)
                0x0000000008007b88                . = ALIGN (0x4)

.ARM            0x0000000008007b88        0x8
                0x0000000008007b88                . = ALIGN (0x4)
                0x0000000008007b88                __exidx_start = .
 *(.ARM.exidx*)
 .ARM.exidx     0x0000000008007b88        0x8 c:/st/stm32cubeide_1.11.2/stm32cubeide/plugins/com.st.stm32cube.ide.mcu.externaltools.gnu-tools-for-stm32.10.3-2021.10.win32_1.0.200.202301161003/tools/bin/../lib/gcc/arm-none-eabi/10.3.1/thumb/v6-m/nofp\libgcc.a(_udivmoddi4.o)
                0x0000000008007b90                __exidx_end = .
                0x0000000008007b90                . = ALIGN (0x4)

.rel.dyn        0x0000000008007b90        0x0
 .rel.iplt      0x0000000008007b90        0x0 c:/st/stm32cubeide_1.11.2/stm32cubeide/plugins/com.st.stm32cube.ide.mcu.externaltools.gnu-tools-for-stm32.10.3-2021.10.win32_1.0.200.202301161003/tools/bin/../lib/gcc/arm-none-eabi/10.3.1/thumb/v6-m/nofp/crtbegin.o

.preinit_array  0x0000000008007b90        0x0
                0x0000000008007b90                . = ALIGN (0x4)
                0x0000000008007b90                PROVIDE (__preinit_array_start = .)
 *(.preinit_array*)
                0x0000000008007b90                PROVIDE (__preinit_array_end = .)
                0x0000000008007b90                . = ALIGN (0x4)

.init_array     0x0000000008007b90        0x4
                0x0000000008007b90                . = ALIGN (0x4)
                0x0000000008007b90                PROVIDE (__init_array_start = .)
 *(SORT_BY_NAME(.init_array.*))
 *(.init_array*)
 .init_array    0x0000000008007b90        0x4 c:/st/stm32cubeide_1.11.2/stm32cubeide/plugins/com.st.stm32cube.ide.mcu.externaltools.gnu-tools-for-stm32.10.3-2021.10.win32_1.0.200.202301161003/tools/bin/../lib/gcc/arm-none-eabi/10.3.1/thumb/v6-m/nofp/crtbegin.o
                0x0000000008007b94                PROVIDE (__init_array_end = .)
                0x0000000008007b94                . = ALIGN (0x4)

.fini_array     0x0000000008007b94        0x4
                0x0000000008007b94                . = ALIGN (0x4)
                [!provide]                        PROVIDE (__fini_array_start = .)
 *(SORT_BY_NAME(.fini_array.*))
 *(.fini_array*)
 .fini_array    0x0000000008007b94        0x4 c:/st/stm32cubeide_1.11.2/stm32cubeide/plugins/com.st.stm32cube.ide.mcu.externaltools.gnu-tools-for-stm32.10.3-2021.10.win32_1.0.200.202301161003/tools/bin/../lib/gcc/arm-none-eabi/10.3.1/thumb/v6-m/nofp/crtbegin.o
                [!provide]                        PROVIDE (__fini_array_end = .)
                0x0000000008007b98                . = ALIGN (0x4)
                0x0000000008007b98                _sidata = LOADADDR (.data)

.data           0x0000000020000000       0x34 load address 0x0000000008007b98
                0x0000000020000000                . = ALIGN (0x4)
                0x0000000020000000                _sdata = .
 *(.data)
 *(.data*)
 .data.SystemCoreClock
                0x0000000020000000        0x4 ./Core/Src/system_stm32l0xx.o
                0x0000000020000000                SystemCoreClock
 .data.Font_6x8
                0x0000000020000004        0x8 ./Drivers/OLED/Src/ssd1306_fonts.o
                0x0000000020000004                Font_6x8
 .data.Font_7x10
                0x000000002000000c        0x8 ./Drivers/OLED/Src/ssd1306_fonts.o
                0x000000002000000c                Font_7x10
 .data.Font_11x18
                0x0000000020000014        0x8 ./Drivers/OLED/Src/ssd1306_fonts.o
                0x0000000020000014                Font_11x18
 .data.Font_16x26
                0x000000002000001c        0x8 ./Drivers/OLED/Src/ssd1306_fonts.o
                0x000000002000001c                Font_16x26
 .data.Font_16x24
                0x0000000020000024        0x8 ./Drivers/OLED/Src/ssd1306_fonts.o
                0x0000000020000024                Font_16x24
 .data.uwTickPrio
                0x000000002000002c        0x4 ./Drivers/STM32L0xx_HAL_Driver/Src/stm32l0xx_hal.o
                0x000000002000002c                uwTickPrio
 .data.uwTickFreq
                0x0000000020000030        0x1 ./Drivers/STM32L0xx_HAL_Driver/Src/stm32l0xx_hal.o
                0x0000000020000030                uwTickFreq
 *(.RamFunc)
 *(.RamFunc*)
                0x0000000020000034                . = ALIGN (0x4)
 *fill*         0x0000000020000031        0x3 
                0x0000000020000034                _edata = .

.igot.plt       0x0000000020000034        0x0 load address 0x0000000008007bcc
 .igot.plt      0x0000000020000034        0x0 c:/st/stm32cubeide_1.11.2/stm32cubeide/plugins/com.st.stm32cube.ide.mcu.externaltools.gnu-tools-for-stm32.10.3-2021.10.win32_1.0.200.202301161003/tools/bin/../lib/gcc/arm-none-eabi/10.3.1/thumb/v6-m/nofp/crtbegin.o
                0x0000000020000034                . = ALIGN (0x4)

.bss            0x0000000020000034      0x308 load address 0x0000000008007bcc
                0x0000000020000034                _sbss = .
                0x0000000020000034                __bss_start__ = _sbss
 *(.bss)
 .bss           0x0000000020000034       0x1c c:/st/stm32cubeide_1.11.2/stm32cubeide/plugins/com.st.stm32cube.ide.mcu.externaltools.gnu-tools-for-stm32.10.3-2021.10.win32_1.0.200.202301161003/tools/bin/../lib/gcc/arm-none-eabi/10.3.1/thumb/v6-m/nofp/crtbegin.o
 *(.bss*)
 .bss.hi2c1     0x0000000020000050       0x54 ./Core/Src/main.o
                0x0000000020000050                hi2c1
 .bss.huart2    0x00000000200000a4       0x88 ./Core/Src/main.o
                0x00000000200000a4                huart2
 .bss.changeFont
                0x000000002000012c        0x1 ./Core/Src/main.o
                0x000000002000012c                changeFont
 *fill*         0x000000002000012d        0x3 
 .bss.SSD1306_Buffer
                0x0000000020000130      0x200 ./Drivers/OLED/Src/ssd1306.o
 .bss.SSD1306   0x0000000020000330        0x6 ./Drivers/OLED/Src/ssd1306.o
 *fill*         0x0000000020000336        0x2 
 .bss.uwTick    0x0000000020000338        0x4 ./Drivers/STM32L0xx_HAL_Driver/Src/stm32l0xx_hal.o
                0x0000000020000338                uwTick
 *(COMMON)
                0x000000002000033c                . = ALIGN (0x4)
                0x000000002000033c                _ebss = .
                0x000000002000033c                __bss_end__ = _ebss

._user_heap_stack
                0x000000002000033c      0x604 load address 0x0000000008007bcc
                0x0000000020000340                . = ALIGN (0x8)
 *fill*         0x000000002000033c        0x4 
                [!provide]                        PROVIDE (end = .)
                0x0000000020000340                PROVIDE (_end = .)
                0x0000000020000540                . = (. + _Min_Heap_Size)
 *fill*         0x0000000020000340      0x200 
                0x0000000020000940                . = (. + _Min_Stack_Size)
 *fill*         0x0000000020000540      0x400 
                0x0000000020000940                . = ALIGN (0x8)

/DISCARD/
 libc.a(*)
 libm.a(*)
 libgcc.a(*)

.ARM.attributes
                0x0000000000000000       0x28
 *(.ARM.attributes)
 .ARM.attributes
                0x0000000000000000       0x1e c:/st/stm32cubeide_1.11.2/stm32cubeide/plugins/com.st.stm32cube.ide.mcu.externaltools.gnu-tools-for-stm32.10.3-2021.10.win32_1.0.200.202301161003/tools/bin/../lib/gcc/arm-none-eabi/10.3.1/thumb/v6-m/nofp/crti.o
 .ARM.attributes
                0x000000000000001e       0x2c c:/st/stm32cubeide_1.11.2/stm32cubeide/plugins/com.st.stm32cube.ide.mcu.externaltools.gnu-tools-for-stm32.10.3-2021.10.win32_1.0.200.202301161003/tools/bin/../lib/gcc/arm-none-eabi/10.3.1/thumb/v6-m/nofp/crtbegin.o
 .ARM.attributes
                0x000000000000004a       0x2c ./Core/Src/main.o
 .ARM.attributes
                0x0000000000000076       0x2c ./Core/Src/stm32l0xx_hal_msp.o
 .ARM.attributes
                0x00000000000000a2       0x2c ./Core/Src/stm32l0xx_it.o
 .ARM.attributes
                0x00000000000000ce       0x2c ./Core/Src/system_stm32l0xx.o
 .ARM.attributes
                0x00000000000000fa       0x22 ./Core/Startup/startup_stm32l073rztx.o
 .ARM.attributes
                0x000000000000011c       0x2c ./Drivers/OLED/Src/ssd1306.o
 .ARM.attributes
                0x0000000000000148       0x2c ./Drivers/OLED/Src/ssd1306_fonts.o
 .ARM.attributes
                0x0000000000000174       0x2c ./Drivers/STM32L0xx_HAL_Driver/Src/stm32l0xx_hal.o
 .ARM.attributes
                0x00000000000001a0       0x2c ./Drivers/STM32L0xx_HAL_Driver/Src/stm32l0xx_hal_cortex.o
 .ARM.attributes
                0x00000000000001cc       0x2c ./Drivers/STM32L0xx_HAL_Driver/Src/stm32l0xx_hal_gpio.o
 .ARM.attributes
                0x00000000000001f8       0x2c ./Drivers/STM32L0xx_HAL_Driver/Src/stm32l0xx_hal_i2c.o
 .ARM.attributes
                0x0000000000000224       0x2c ./Drivers/STM32L0xx_HAL_Driver/Src/stm32l0xx_hal_i2c_ex.o
 .ARM.attributes
                0x0000000000000250       0x2c ./Drivers/STM32L0xx_HAL_Driver/Src/stm32l0xx_hal_rcc.o
 .ARM.attributes
                0x000000000000027c       0x2c ./Drivers/STM32L0xx_HAL_Driver/Src/stm32l0xx_hal_rcc_ex.o
 .ARM.attributes
                0x00000000000002a8       0x2c ./Drivers/STM32L0xx_HAL_Driver/Src/stm32l0xx_hal_uart.o
 .ARM.attributes
                0x00000000000002d4       0x2c c:/st/stm32cubeide_1.11.2/stm32cubeide/plugins/com.st.stm32cube.ide.mcu.externaltools.gnu-tools-for-stm32.10.3-2021.10.win32_1.0.200.202301161003/tools/bin/../lib/gcc/arm-none-eabi/10.3.1/../../../../arm-none-eabi/lib/thumb/v6-m/nofp\libc_nano.a(lib_a-init.o)
 .ARM.attributes
                0x0000000000000300       0x2c c:/st/stm32cubeide_1.11.2/stm32cubeide/plugins/com.st.stm32cube.ide.mcu.externaltools.gnu-tools-for-stm32.10.3-2021.10.win32_1.0.200.202301161003/tools/bin/../lib/gcc/arm-none-eabi/10.3.1/../../../../arm-none-eabi/lib/thumb/v6-m/nofp\libc_nano.a(lib_a-memset.o)
 .ARM.attributes
                0x000000000000032c       0x1e c:/st/stm32cubeide_1.11.2/stm32cubeide/plugins/com.st.stm32cube.ide.mcu.externaltools.gnu-tools-for-stm32.10.3-2021.10.win32_1.0.200.202301161003/tools/bin/../lib/gcc/arm-none-eabi/10.3.1/thumb/v6-m/nofp\libgcc.a(_udivsi3.o)
 .ARM.attributes
                0x000000000000034a       0x1e c:/st/stm32cubeide_1.11.2/stm32cubeide/plugins/com.st.stm32cube.ide.mcu.externaltools.gnu-tools-for-stm32.10.3-2021.10.win32_1.0.200.202301161003/tools/bin/../lib/gcc/arm-none-eabi/10.3.1/thumb/v6-m/nofp\libgcc.a(_dvmd_tls.o)
 .ARM.attributes
                0x0000000000000368       0x1e c:/st/stm32cubeide_1.11.2/stm32cubeide/plugins/com.st.stm32cube.ide.mcu.externaltools.gnu-tools-for-stm32.10.3-2021.10.win32_1.0.200.202301161003/tools/bin/../lib/gcc/arm-none-eabi/10.3.1/thumb/v6-m/nofp\libgcc.a(_aeabi_uldivmod.o)
 .ARM.attributes
                0x0000000000000386       0x2c c:/st/stm32cubeide_1.11.2/stm32cubeide/plugins/com.st.stm32cube.ide.mcu.externaltools.gnu-tools-for-stm32.10.3-2021.10.win32_1.0.200.202301161003/tools/bin/../lib/gcc/arm-none-eabi/10.3.1/thumb/v6-m/nofp\libgcc.a(_muldi3.o)
 .ARM.attributes
                0x00000000000003b2       0x2c c:/st/stm32cubeide_1.11.2/stm32cubeide/plugins/com.st.stm32cube.ide.mcu.externaltools.gnu-tools-for-stm32.10.3-2021.10.win32_1.0.200.202301161003/tools/bin/../lib/gcc/arm-none-eabi/10.3.1/thumb/v6-m/nofp\libgcc.a(_udivmoddi4.o)
 .ARM.attributes
                0x00000000000003de       0x1e c:/st/stm32cubeide_1.11.2/stm32cubeide/plugins/com.st.stm32cube.ide.mcu.externaltools.gnu-tools-for-stm32.10.3-2021.10.win32_1.0.200.202301161003/tools/bin/../lib/gcc/arm-none-eabi/10.3.1/thumb/v6-m/nofp\libgcc.a(_clzsi2.o)
 .ARM.attributes
                0x00000000000003fc       0x1e c:/st/stm32cubeide_1.11.2/stm32cubeide/plugins/com.st.stm32cube.ide.mcu.externaltools.gnu-tools-for-stm32.10.3-2021.10.win32_1.0.200.202301161003/tools/bin/../lib/gcc/arm-none-eabi/10.3.1/thumb/v6-m/nofp\libgcc.a(_clzdi2.o)
 .ARM.attributes
                0x000000000000041a       0x1e c:/st/stm32cubeide_1.11.2/stm32cubeide/plugins/com.st.stm32cube.ide.mcu.externaltools.gnu-tools-for-stm32.10.3-2021.10.win32_1.0.200.202301161003/tools/bin/../lib/gcc/arm-none-eabi/10.3.1/thumb/v6-m/nofp/crtn.o
OUTPUT(Nucleo-L073RZ-Multiple-Sensors.elf elf32-littlearm)
LOAD linker stubs
LOAD c:/st/stm32cubeide_1.11.2/stm32cubeide/plugins/com.st.stm32cube.ide.mcu.externaltools.gnu-tools-for-stm32.10.3-2021.10.win32_1.0.200.202301161003/tools/bin/../lib/gcc/arm-none-eabi/10.3.1/../../../../arm-none-eabi/lib/thumb/v6-m/nofp\libc.a
LOAD c:/st/stm32cubeide_1.11.2/stm32cubeide/plugins/com.st.stm32cube.ide.mcu.externaltools.gnu-tools-for-stm32.10.3-2021.10.win32_1.0.200.202301161003/tools/bin/../lib/gcc/arm-none-eabi/10.3.1/../../../../arm-none-eabi/lib/thumb/v6-m/nofp\libm.a
LOAD c:/st/stm32cubeide_1.11.2/stm32cubeide/plugins/com.st.stm32cube.ide.mcu.externaltools.gnu-tools-for-stm32.10.3-2021.10.win32_1.0.200.202301161003/tools/bin/../lib/gcc/arm-none-eabi/10.3.1/thumb/v6-m/nofp\libgcc.a

.debug_info     0x0000000000000000     0xce1c
 .debug_info    0x0000000000000000     0x135e ./Core/Src/main.o
 .debug_info    0x000000000000135e      0xcf9 ./Core/Src/stm32l0xx_hal_msp.o
 .debug_info    0x0000000000002057      0x117 ./Core/Src/stm32l0xx_it.o
 .debug_info    0x000000000000216e      0x309 ./Core/Src/system_stm32l0xx.o
 .debug_info    0x0000000000002477       0x22 ./Core/Startup/startup_stm32l073rztx.o
 .debug_info    0x0000000000002499     0x129a ./Drivers/OLED/Src/ssd1306.o
 .debug_info    0x0000000000003733      0x236 ./Drivers/OLED/Src/ssd1306_fonts.o
 .debug_info    0x0000000000003969      0x8ed ./Drivers/STM32L0xx_HAL_Driver/Src/stm32l0xx_hal.o
 .debug_info    0x0000000000004256      0x8f2 ./Drivers/STM32L0xx_HAL_Driver/Src/stm32l0xx_hal_cortex.o
 .debug_info    0x0000000000004b48      0x6aa ./Drivers/STM32L0xx_HAL_Driver/Src/stm32l0xx_hal_gpio.o
 .debug_info    0x00000000000051f2     0x2273 ./Drivers/STM32L0xx_HAL_Driver/Src/stm32l0xx_hal_i2c.o
 .debug_info    0x0000000000007465      0x90d ./Drivers/STM32L0xx_HAL_Driver/Src/stm32l0xx_hal_i2c_ex.o
 .debug_info    0x0000000000007d72      0xa80 ./Drivers/STM32L0xx_HAL_Driver/Src/stm32l0xx_hal_rcc.o
 .debug_info    0x00000000000087f2      0x874 ./Drivers/STM32L0xx_HAL_Driver/Src/stm32l0xx_hal_rcc_ex.o
 .debug_info    0x0000000000009066     0x3db6 ./Drivers/STM32L0xx_HAL_Driver/Src/stm32l0xx_hal_uart.o

.debug_abbrev   0x0000000000000000     0x1ca6
 .debug_abbrev  0x0000000000000000      0x2fd ./Core/Src/main.o
 .debug_abbrev  0x00000000000002fd      0x19b ./Core/Src/stm32l0xx_hal_msp.o
 .debug_abbrev  0x0000000000000498       0x9f ./Core/Src/stm32l0xx_it.o
 .debug_abbrev  0x0000000000000537      0x116 ./Core/Src/system_stm32l0xx.o
 .debug_abbrev  0x000000000000064d       0x12 ./Core/Startup/startup_stm32l073rztx.o
 .debug_abbrev  0x000000000000065f      0x33e ./Drivers/OLED/Src/ssd1306.o
 .debug_abbrev  0x000000000000099d       0xbe ./Drivers/OLED/Src/ssd1306_fonts.o
 .debug_abbrev  0x0000000000000a5b      0x29a ./Drivers/STM32L0xx_HAL_Driver/Src/stm32l0xx_hal.o
 .debug_abbrev  0x0000000000000cf5      0x28e ./Drivers/STM32L0xx_HAL_Driver/Src/stm32l0xx_hal_cortex.o
 .debug_abbrev  0x0000000000000f83      0x1bb ./Drivers/STM32L0xx_HAL_Driver/Src/stm32l0xx_hal_gpio.o
 .debug_abbrev  0x000000000000113e      0x25b ./Drivers/STM32L0xx_HAL_Driver/Src/stm32l0xx_hal_i2c.o
 .debug_abbrev  0x0000000000001399      0x1a7 ./Drivers/STM32L0xx_HAL_Driver/Src/stm32l0xx_hal_i2c_ex.o
 .debug_abbrev  0x0000000000001540      0x28e ./Drivers/STM32L0xx_HAL_Driver/Src/stm32l0xx_hal_rcc.o
 .debug_abbrev  0x00000000000017ce      0x20d ./Drivers/STM32L0xx_HAL_Driver/Src/stm32l0xx_hal_rcc_ex.o
 .debug_abbrev  0x00000000000019db      0x2cb ./Drivers/STM32L0xx_HAL_Driver/Src/stm32l0xx_hal_uart.o

.debug_aranges  0x0000000000000000      0xaa0
 .debug_aranges
                0x0000000000000000       0x50 ./Core/Src/main.o
 .debug_aranges
                0x0000000000000050       0x40 ./Core/Src/stm32l0xx_hal_msp.o
 .debug_aranges
                0x0000000000000090       0x48 ./Core/Src/stm32l0xx_it.o
 .debug_aranges
                0x00000000000000d8       0x28 ./Core/Src/system_stm32l0xx.o
 .debug_aranges
                0x0000000000000100       0x28 ./Core/Startup/startup_stm32l073rztx.o
 .debug_aranges
                0x0000000000000128       0xe0 ./Drivers/OLED/Src/ssd1306.o
 .debug_aranges
                0x0000000000000208       0x18 ./Drivers/OLED/Src/ssd1306_fonts.o
 .debug_aranges
                0x0000000000000220      0x110 ./Drivers/STM32L0xx_HAL_Driver/Src/stm32l0xx_hal.o
 .debug_aranges
                0x0000000000000330       0xd8 ./Drivers/STM32L0xx_HAL_Driver/Src/stm32l0xx_hal_cortex.o
 .debug_aranges
                0x0000000000000408       0x58 ./Drivers/STM32L0xx_HAL_Driver/Src/stm32l0xx_hal_gpio.o
 .debug_aranges
                0x0000000000000460      0x2a0 ./Drivers/STM32L0xx_HAL_Driver/Src/stm32l0xx_hal_i2c.o
 .debug_aranges
                0x0000000000000700       0x48 ./Drivers/STM32L0xx_HAL_Driver/Src/stm32l0xx_hal_i2c_ex.o
 .debug_aranges
                0x0000000000000748       0x80 ./Drivers/STM32L0xx_HAL_Driver/Src/stm32l0xx_hal_rcc.o
 .debug_aranges
                0x00000000000007c8       0xb0 ./Drivers/STM32L0xx_HAL_Driver/Src/stm32l0xx_hal_rcc_ex.o
 .debug_aranges
                0x0000000000000878      0x228 ./Drivers/STM32L0xx_HAL_Driver/Src/stm32l0xx_hal_uart.o

.debug_ranges   0x0000000000000000      0x9e0
 .debug_ranges  0x0000000000000000       0x40 ./Core/Src/main.o
 .debug_ranges  0x0000000000000040       0x30 ./Core/Src/stm32l0xx_hal_msp.o
 .debug_ranges  0x0000000000000070       0x38 ./Core/Src/stm32l0xx_it.o
 .debug_ranges  0x00000000000000a8       0x18 ./Core/Src/system_stm32l0xx.o
 .debug_ranges  0x00000000000000c0       0x20 ./Core/Startup/startup_stm32l073rztx.o
 .debug_ranges  0x00000000000000e0       0xd0 ./Drivers/OLED/Src/ssd1306.o
 .debug_ranges  0x00000000000001b0      0x100 ./Drivers/STM32L0xx_HAL_Driver/Src/stm32l0xx_hal.o
 .debug_ranges  0x00000000000002b0       0xc8 ./Drivers/STM32L0xx_HAL_Driver/Src/stm32l0xx_hal_cortex.o
 .debug_ranges  0x0000000000000378       0x48 ./Drivers/STM32L0xx_HAL_Driver/Src/stm32l0xx_hal_gpio.o
 .debug_ranges  0x00000000000003c0      0x290 ./Drivers/STM32L0xx_HAL_Driver/Src/stm32l0xx_hal_i2c.o
 .debug_ranges  0x0000000000000650       0x38 ./Drivers/STM32L0xx_HAL_Driver/Src/stm32l0xx_hal_i2c_ex.o
 .debug_ranges  0x0000000000000688       0x70 ./Drivers/STM32L0xx_HAL_Driver/Src/stm32l0xx_hal_rcc.o
 .debug_ranges  0x00000000000006f8       0xa0 ./Drivers/STM32L0xx_HAL_Driver/Src/stm32l0xx_hal_rcc_ex.o
 .debug_ranges  0x0000000000000798      0x248 ./Drivers/STM32L0xx_HAL_Driver/Src/stm32l0xx_hal_uart.o

.debug_macro    0x0000000000000000    0x141a9
 .debug_macro   0x0000000000000000      0x231 ./Core/Src/main.o
 .debug_macro   0x0000000000000231      0xa4e ./Core/Src/main.o
 .debug_macro   0x0000000000000c7f      0x11f ./Core/Src/main.o
 .debug_macro   0x0000000000000d9e       0x2e ./Core/Src/main.o
 .debug_macro   0x0000000000000dcc       0x28 ./Core/Src/main.o
 .debug_macro   0x0000000000000df4       0x22 ./Core/Src/main.o
 .debug_macro   0x0000000000000e16       0x8e ./Core/Src/main.o
 .debug_macro   0x0000000000000ea4       0x51 ./Core/Src/main.o
 .debug_macro   0x0000000000000ef5      0x103 ./Core/Src/main.o
 .debug_macro   0x0000000000000ff8       0x6a ./Core/Src/main.o
 .debug_macro   0x0000000000001062      0x1df ./Core/Src/main.o
 .debug_macro   0x0000000000001241       0x1c ./Core/Src/main.o
 .debug_macro   0x000000000000125d       0x22 ./Core/Src/main.o
 .debug_macro   0x000000000000127f       0xaf ./Core/Src/main.o
 .debug_macro   0x000000000000132e      0x4da ./Core/Src/main.o
 .debug_macro   0x0000000000001808      0x11f ./Core/Src/main.o
 .debug_macro   0x0000000000001927     0xa453 ./Core/Src/main.o
 .debug_macro   0x000000000000bd7a       0x66 ./Core/Src/main.o
 .debug_macro   0x000000000000bde0     0x3590 ./Core/Src/main.o
 .debug_macro   0x000000000000f370      0x174 ./Core/Src/main.o
 .debug_macro   0x000000000000f4e4       0x5c ./Core/Src/main.o
 .debug_macro   0x000000000000f540      0x8ea ./Core/Src/main.o
 .debug_macro   0x000000000000fe2a      0xbb4 ./Core/Src/main.o
 .debug_macro   0x00000000000109de      0x197 ./Core/Src/main.o
 .debug_macro   0x0000000000010b75      0x13f ./Core/Src/main.o
 .debug_macro   0x0000000000010cb4      0x1d1 ./Core/Src/main.o
 .debug_macro   0x0000000000010e85       0x82 ./Core/Src/main.o
 .debug_macro   0x0000000000010f07      0x28e ./Core/Src/main.o
 .debug_macro   0x0000000000011195      0x1e9 ./Core/Src/main.o
 .debug_macro   0x000000000001137e      0x13d ./Core/Src/main.o
 .debug_macro   0x00000000000114bb      0x4ac ./Core/Src/main.o
 .debug_macro   0x0000000000011967      0x22c ./Core/Src/main.o
 .debug_macro   0x0000000000011b93       0x5b ./Core/Src/main.o
 .debug_macro   0x0000000000011bee       0xa5 ./Core/Src/main.o
 .debug_macro   0x0000000000011c93      0x186 ./Core/Src/main.o
 .debug_macro   0x0000000000011e19       0x16 ./Core/Src/main.o
 .debug_macro   0x0000000000011e2f      0x5cf ./Core/Src/main.o
 .debug_macro   0x00000000000123fe       0x44 ./Core/Src/main.o
 .debug_macro   0x0000000000012442      0x1a2 ./Core/Src/main.o
 .debug_macro   0x00000000000125e4       0x5e ./Core/Src/main.o
 .debug_macro   0x0000000000012642       0x22 ./Core/Src/main.o
 .debug_macro   0x0000000000012664       0x52 ./Core/Src/main.o
 .debug_macro   0x00000000000126b6       0x18 ./Core/Src/main.o
 .debug_macro   0x00000000000126ce       0x3c ./Core/Src/main.o
 .debug_macro   0x000000000001270a       0x34 ./Core/Src/main.o
 .debug_macro   0x000000000001273e       0x4c ./Core/Src/main.o
 .debug_macro   0x000000000001278a       0x10 ./Core/Src/main.o
 .debug_macro   0x000000000001279a       0x34 ./Core/Src/main.o
 .debug_macro   0x00000000000127ce      0x1c9 ./Core/Src/stm32l0xx_hal_msp.o
 .debug_macro   0x0000000000012997      0x1d3 ./Core/Src/stm32l0xx_it.o
 .debug_macro   0x0000000000012b6a      0x1ba ./Core/Src/system_stm32l0xx.o
 .debug_macro   0x0000000000012d24      0x2ee ./Drivers/OLED/Src/ssd1306.o
 .debug_macro   0x0000000000013012       0x28 ./Drivers/OLED/Src/ssd1306.o
 .debug_macro   0x000000000001303a      0x19b ./Drivers/OLED/Src/ssd1306.o
 .debug_macro   0x00000000000131d5       0x16 ./Drivers/OLED/Src/ssd1306.o
 .debug_macro   0x00000000000131eb       0x20 ./Drivers/OLED/Src/ssd1306.o
 .debug_macro   0x000000000001320b       0x76 ./Drivers/OLED/Src/ssd1306_fonts.o
 .debug_macro   0x0000000000013281      0x1de ./Drivers/STM32L0xx_HAL_Driver/Src/stm32l0xx_hal.o
 .debug_macro   0x000000000001345f      0x1ba ./Drivers/STM32L0xx_HAL_Driver/Src/stm32l0xx_hal_cortex.o
 .debug_macro   0x0000000000013619      0x1c1 ./Drivers/STM32L0xx_HAL_Driver/Src/stm32l0xx_hal_gpio.o
 .debug_macro   0x00000000000137da      0x286 ./Drivers/STM32L0xx_HAL_Driver/Src/stm32l0xx_hal_i2c.o
 .debug_macro   0x0000000000013a60      0x1ba ./Drivers/STM32L0xx_HAL_Driver/Src/stm32l0xx_hal_i2c_ex.o
 .debug_macro   0x0000000000013c1a      0x1f0 ./Drivers/STM32L0xx_HAL_Driver/Src/stm32l0xx_hal_rcc.o
 .debug_macro   0x0000000000013e0a      0x1ba ./Drivers/STM32L0xx_HAL_Driver/Src/stm32l0xx_hal_rcc_ex.o
 .debug_macro   0x0000000000013fc4      0x1e5 ./Drivers/STM32L0xx_HAL_Driver/Src/stm32l0xx_hal_uart.o

.debug_line     0x0000000000000000     0xde5b
 .debug_line    0x0000000000000000      0x9ec ./Core/Src/main.o
 .debug_line    0x00000000000009ec      0x763 ./Core/Src/stm32l0xx_hal_msp.o
 .debug_line    0x000000000000114f      0x745 ./Core/Src/stm32l0xx_it.o
 .debug_line    0x0000000000001894      0x779 ./Core/Src/system_stm32l0xx.o
 .debug_line    0x000000000000200d       0x89 ./Core/Startup/startup_stm32l073rztx.o
 .debug_line    0x0000000000002096     0x104e ./Drivers/OLED/Src/ssd1306.o
 .debug_line    0x00000000000030e4      0x403 ./Drivers/OLED/Src/ssd1306_fonts.o
 .debug_line    0x00000000000034e7      0xa1c ./Drivers/STM32L0xx_HAL_Driver/Src/stm32l0xx_hal.o
 .debug_line    0x0000000000003f03      0xafa ./Drivers/STM32L0xx_HAL_Driver/Src/stm32l0xx_hal_cortex.o
 .debug_line    0x00000000000049fd      0xabf ./Drivers/STM32L0xx_HAL_Driver/Src/stm32l0xx_hal_gpio.o
 .debug_line    0x00000000000054bc     0x374f ./Drivers/STM32L0xx_HAL_Driver/Src/stm32l0xx_hal_i2c.o
 .debug_line    0x0000000000008c0b      0x8e6 ./Drivers/STM32L0xx_HAL_Driver/Src/stm32l0xx_hal_i2c_ex.o
 .debug_line    0x00000000000094f1      0xea8 ./Drivers/STM32L0xx_HAL_Driver/Src/stm32l0xx_hal_rcc.o
 .debug_line    0x000000000000a399      0xdb3 ./Drivers/STM32L0xx_HAL_Driver/Src/stm32l0xx_hal_rcc_ex.o
 .debug_line    0x000000000000b14c     0x2d0f ./Drivers/STM32L0xx_HAL_Driver/Src/stm32l0xx_hal_uart.o

.debug_str      0x0000000000000000    0x7e3a2
 .debug_str     0x0000000000000000    0x78488 ./Core/Src/main.o
                                      0x788d1 (size before relaxing)
 .debug_str     0x0000000000078488       0x8d ./Core/Src/stm32l0xx_hal_msp.o
                                      0x77d47 (size before relaxing)
 .debug_str     0x0000000000078515       0xaf ./Core/Src/stm32l0xx_it.o
                                      0x7754b (size before relaxing)
 .debug_str     0x00000000000785c4       0x99 ./Core/Src/system_stm32l0xx.o
                                      0x77448 (size before relaxing)
 .debug_str     0x000000000007865d       0x36 ./Core/Startup/startup_stm32l073rztx.o
                                         0x89 (size before relaxing)
 .debug_str     0x0000000000078693     0x37ab ./Drivers/OLED/Src/ssd1306.o
                                      0x7b5af (size before relaxing)
 .debug_str     0x000000000007be3e       0x53 ./Drivers/OLED/Src/ssd1306_fonts.o
                                       0x3d0f (size before relaxing)
 .debug_str     0x000000000007be91      0x489 ./Drivers/STM32L0xx_HAL_Driver/Src/stm32l0xx_hal.o
                                      0x77b7c (size before relaxing)
 .debug_str     0x000000000007c31a      0x295 ./Drivers/STM32L0xx_HAL_Driver/Src/stm32l0xx_hal_cortex.o
                                      0x778d0 (size before relaxing)
 .debug_str     0x000000000007c5af       0xad ./Drivers/STM32L0xx_HAL_Driver/Src/stm32l0xx_hal_gpio.o
                                      0x775e8 (size before relaxing)
 .debug_str     0x000000000007c65c      0xdd2 ./Drivers/STM32L0xx_HAL_Driver/Src/stm32l0xx_hal_i2c.o
                                      0x78756 (size before relaxing)
 .debug_str     0x000000000007d42e       0xb8 ./Drivers/STM32L0xx_HAL_Driver/Src/stm32l0xx_hal_i2c_ex.o
                                      0x779d6 (size before relaxing)
 .debug_str     0x000000000007d4e6      0x2ac ./Drivers/STM32L0xx_HAL_Driver/Src/stm32l0xx_hal_rcc.o
                                      0x77995 (size before relaxing)
 .debug_str     0x000000000007d792      0x339 ./Drivers/STM32L0xx_HAL_Driver/Src/stm32l0xx_hal_rcc_ex.o
                                      0x7794b (size before relaxing)
 .debug_str     0x000000000007dacb      0x8d7 ./Drivers/STM32L0xx_HAL_Driver/Src/stm32l0xx_hal_uart.o
                                      0x78208 (size before relaxing)

.comment        0x0000000000000000       0x50
 .comment       0x0000000000000000       0x50 ./Core/Src/main.o
                                         0x51 (size before relaxing)
 .comment       0x0000000000000050       0x51 ./Core/Src/stm32l0xx_hal_msp.o
 .comment       0x0000000000000050       0x51 ./Core/Src/stm32l0xx_it.o
 .comment       0x0000000000000050       0x51 ./Core/Src/system_stm32l0xx.o
 .comment       0x0000000000000050       0x51 ./Drivers/OLED/Src/ssd1306.o
 .comment       0x0000000000000050       0x51 ./Drivers/OLED/Src/ssd1306_fonts.o
 .comment       0x0000000000000050       0x51 ./Drivers/STM32L0xx_HAL_Driver/Src/stm32l0xx_hal.o
 .comment       0x0000000000000050       0x51 ./Drivers/STM32L0xx_HAL_Driver/Src/stm32l0xx_hal_cortex.o
 .comment       0x0000000000000050       0x51 ./Drivers/STM32L0xx_HAL_Driver/Src/stm32l0xx_hal_gpio.o
 .comment       0x0000000000000050       0x51 ./Drivers/STM32L0xx_HAL_Driver/Src/stm32l0xx_hal_i2c.o
 .comment       0x0000000000000050       0x51 ./Drivers/STM32L0xx_HAL_Driver/Src/stm32l0xx_hal_i2c_ex.o
 .comment       0x0000000000000050       0x51 ./Drivers/STM32L0xx_HAL_Driver/Src/stm32l0xx_hal_rcc.o
 .comment       0x0000000000000050       0x51 ./Drivers/STM32L0xx_HAL_Driver/Src/stm32l0xx_hal_rcc_ex.o
 .comment       0x0000000000000050       0x51 ./Drivers/STM32L0xx_HAL_Driver/Src/stm32l0xx_hal_uart.o

.debug_frame    0x0000000000000000     0x25cc
 .debug_frame   0x0000000000000000       0xe8 ./Core/Src/main.o
 .debug_frame   0x00000000000000e8       0xac ./Core/Src/stm32l0xx_hal_msp.o
 .debug_frame   0x0000000000000194       0xb8 ./Core/Src/stm32l0xx_it.o
 .debug_frame   0x000000000000024c       0x4c ./Core/Src/system_stm32l0xx.o
 .debug_frame   0x0000000000000298      0x344 ./Drivers/OLED/Src/ssd1306.o
 .debug_frame   0x00000000000005dc      0x394 ./Drivers/STM32L0xx_HAL_Driver/Src/stm32l0xx_hal.o
 .debug_frame   0x0000000000000970      0x2fc ./Drivers/STM32L0xx_HAL_Driver/Src/stm32l0xx_hal_cortex.o
 .debug_frame   0x0000000000000c6c      0x110 ./Drivers/STM32L0xx_HAL_Driver/Src/stm32l0xx_hal_gpio.o
 .debug_frame   0x0000000000000d7c      0xa64 ./Drivers/STM32L0xx_HAL_Driver/Src/stm32l0xx_hal_i2c.o
 .debug_frame   0x00000000000017e0       0xd0 ./Drivers/STM32L0xx_HAL_Driver/Src/stm32l0xx_hal_i2c_ex.o
 .debug_frame   0x00000000000018b0      0x1a8 ./Drivers/STM32L0xx_HAL_Driver/Src/stm32l0xx_hal_rcc.o
 .debug_frame   0x0000000000001a58      0x244 ./Drivers/STM32L0xx_HAL_Driver/Src/stm32l0xx_hal_rcc_ex.o
 .debug_frame   0x0000000000001c9c      0x854 ./Drivers/STM32L0xx_HAL_Driver/Src/stm32l0xx_hal_uart.o
 .debug_frame   0x00000000000024f0       0x2c c:/st/stm32cubeide_1.11.2/stm32cubeide/plugins/com.st.stm32cube.ide.mcu.externaltools.gnu-tools-for-stm32.10.3-2021.10.win32_1.0.200.202301161003/tools/bin/../lib/gcc/arm-none-eabi/10.3.1/../../../../arm-none-eabi/lib/thumb/v6-m/nofp\libc_nano.a(lib_a-init.o)
 .debug_frame   0x000000000000251c       0x20 c:/st/stm32cubeide_1.11.2/stm32cubeide/plugins/com.st.stm32cube.ide.mcu.externaltools.gnu-tools-for-stm32.10.3-2021.10.win32_1.0.200.202301161003/tools/bin/../lib/gcc/arm-none-eabi/10.3.1/../../../../arm-none-eabi/lib/thumb/v6-m/nofp\libc_nano.a(lib_a-memset.o)
 .debug_frame   0x000000000000253c       0x20 c:/st/stm32cubeide_1.11.2/stm32cubeide/plugins/com.st.stm32cube.ide.mcu.externaltools.gnu-tools-for-stm32.10.3-2021.10.win32_1.0.200.202301161003/tools/bin/../lib/gcc/arm-none-eabi/10.3.1/thumb/v6-m/nofp\libgcc.a(_udivsi3.o)
 .debug_frame   0x000000000000255c       0x34 c:/st/stm32cubeide_1.11.2/stm32cubeide/plugins/com.st.stm32cube.ide.mcu.externaltools.gnu-tools-for-stm32.10.3-2021.10.win32_1.0.200.202301161003/tools/bin/../lib/gcc/arm-none-eabi/10.3.1/thumb/v6-m/nofp\libgcc.a(_muldi3.o)
 .debug_frame   0x0000000000002590       0x3c c:/st/stm32cubeide_1.11.2/stm32cubeide/plugins/com.st.stm32cube.ide.mcu.externaltools.gnu-tools-for-stm32.10.3-2021.10.win32_1.0.200.202301161003/tools/bin/../lib/gcc/arm-none-eabi/10.3.1/thumb/v6-m/nofp\libgcc.a(_udivmoddi4.o)
